
> jumlaati@0.1.0 dev
> next dev -p 3001

   ▲ Next.js 15.5.25
   - Local:        http://localhost:3001
   - Network:      http://192.168.1.106:3001
   - Environments: .env.local

 ✓ Starting...
 ✓ Ready in 13.9s
 ○ Compiling /middleware ...
 ✓ Compiled /middleware in 608ms (115 modules)
 ○ Compiling /login ...
 ⨯ ./src/styles/globals.css.webpack[javascript/auto]!=!./node_modules/next/dist/build/webpack/loaders/css-loader/src/index.js??ruleSet[1].rules[14].oneOf[10].use[2]!./node_modules/next/dist/build/webpack/loaders/postcss-loader/src/index.js??ruleSet[1].rules[14].oneOf[10].use[3]!./src/styles/globals.css
Error: Cannot find module 'tailwindcss-animate'
Require stack:
- /data/data/com.termux/files/home/jumlati-all-sources/03-github/legacy-v1/tailwind.config.js
Import trace for requested module:
./src/styles/globals.css.webpack[javascript/auto]!=!./node_modules/next/dist/build/webpack/loaders/css-loader/src/index.js??ruleSet[1].rules[14].oneOf[10].use[2]!./node_modules/next/dist/build/webpack/loaders/postcss-loader/src/index.js??ruleSet[1].rules[14].oneOf[10].use[3]!./src/styles/globals.css
./src/styles/globals.css
Watchpack Error (watcher): Error: EACCES: permission denied, watch '/data/data'
Watchpack Error (watcher): Error: EACCES: permission denied, watch '/data'
Watchpack Error (watcher): Error: EACCES: permission denied, watch '/'
Watchpack Error (initial scan): Error: EACCES: permission denied, scandir '/data/data'
Watchpack Error (initial scan): Error: EACCES: permission denied, scandir '/data'
Watchpack Error (initial scan): Error: EACCES: permission denied, scandir '/'
Watchpack Error (watcher): Error: EACCES: permission denied, watch '/data/data'
Watchpack Error (watcher): Error: EACCES: permission denied, watch '/data'
Watchpack Error (watcher): Error: EACCES: permission denied, watch '/'
Watchpack Error (initial scan): Error: EACCES: permission denied, scandir '/data/data'
Watchpack Error (initial scan): Error: EACCES: permission denied, scandir '/data'
Watchpack Error (initial scan): Error: EACCES: permission denied, scandir '/'
Watchpack Error (watcher): Error: EACCES: permission denied, watch '/data/data'
Watchpack Error (watcher): Error: EACCES: permission denied, watch '/data'
Watchpack Error (watcher): Error: EACCES: permission denied, watch '/'
Watchpack Error (initial scan): Error: EACCES: permission denied, scandir '/data/data'
Watchpack Error (initial scan): Error: EACCES: permission denied, scandir '/data'
Watchpack Error (initial scan): Error: EACCES: permission denied, scandir '/'
 ⨯ ./src/styles/globals.css.webpack[javascript/auto]!=!./node_modules/next/dist/build/webpack/loaders/css-loader/src/index.js??ruleSet[1].rules[14].oneOf[10].use[2]!./node_modules/next/dist/build/webpack/loaders/postcss-loader/src/index.js??ruleSet[1].rules[14].oneOf[10].use[3]!./src/styles/globals.css
Error: Cannot find module 'tailwindcss-animate'
Require stack:
- /data/data/com.termux/files/home/jumlati-all-sources/03-github/legacy-v1/tailwind.config.js
Import trace for requested module:
./src/styles/globals.css.webpack[javascript/auto]!=!./node_modules/next/dist/build/webpack/loaders/css-loader/src/index.js??ruleSet[1].rules[14].oneOf[10].use[2]!./node_modules/next/dist/build/webpack/loaders/postcss-loader/src/index.js??ruleSet[1].rules[14].oneOf[10].use[3]!./src/styles/globals.css
./src/styles/globals.css
 GET / 500 in 4661ms
